

================================================================
== Vivado HLS Report for 'softmax'
================================================================
* Date:           Tue Jul  9 15:58:52 2024

* Version:        2019.1 (Build 2552052 on Fri May 24 15:28:33 MDT 2019)
* Project:        lenet_hls_010
* Solution:       s_1
* Product family: zynq
* Target device:  xc7z010-clg400-2


================================================================
== Performance Estimates
================================================================
+ Timing (ns): 
    * Summary: 
    +--------+-------+----------+------------+
    |  Clock | Target| Estimated| Uncertainty|
    +--------+-------+----------+------------+
    |ap_clk  |  10.00|     8.588|        1.25|
    +--------+-------+----------+------------+

+ Latency (clock cycles): 
    * Summary: 
    +-----+-----+-----+-----+---------+
    |  Latency  |  Interval | Pipeline|
    | min | max | min | max |   Type  |
    +-----+-----+-----+-----+---------+
    |  301|  301|  301|  301|   none  |
    +-----+-----+-----+-----+---------+

    + Detail: 
        * Instance: 
        N/A

        * Loop: 
        +----------+-----+-----+----------+-----------+-----------+------+----------+
        |          |  Latency  | Iteration|  Initiation Interval  | Trip |          |
        | Loop Name| min | max |  Latency |  achieved |   target  | Count| Pipelined|
        +----------+-----+-----+----------+-----------+-----------+------+----------+
        |- Loop 1  |   18|   18|         2|          -|          -|     9|    no    |
        |- Loop 2  |  144|  144|        16|          -|          -|     9|    no    |
        |- Loop 3  |  135|  135|        15|          -|          -|     9|    no    |
        +----------+-----+-----+----------+-----------+-----------+------+----------+



================================================================
== Utilization Estimates
================================================================
* Summary: 
+-----------------+---------+-------+-------+-------+-----+
|       Name      | BRAM_18K| DSP48E|   FF  |  LUT  | URAM|
+-----------------+---------+-------+-------+-------+-----+
|DSP              |        -|      -|      -|      -|    -|
|Expression       |        -|      -|     40|    686|    -|
|FIFO             |        -|      -|      -|      -|    -|
|Instance         |        -|      9|   1114|   2301|    -|
|Memory           |        -|      -|      -|      -|    -|
|Multiplexer      |        -|      -|      -|     38|    -|
|Register         |        -|      -|    353|      -|    -|
+-----------------+---------+-------+-------+-------+-----+
|Total            |        0|      9|   1507|   3025|    0|
+-----------------+---------+-------+-------+-------+-----+
|Available        |      120|     80|  35200|  17600|    0|
+-----------------+---------+-------+-------+-------+-----+
|Utilization (%)  |        0|     11|      4|     17|    0|
+-----------------+---------+-------+-------+-------+-----+

+ Detail: 
    * Instance: 
    +--------------------------+----------------------+---------+-------+-----+-----+-----+
    |         Instance         |        Module        | BRAM_18K| DSP48E|  FF | LUT | URAM|
    +--------------------------+----------------------+---------+-------+-----+-----+-----+
    |lenet_fadd_32ns_3hbi_U37  |lenet_fadd_32ns_3hbi  |        0|      2|  227|  404|    0|
    |lenet_fdiv_32ns_3ibs_U38  |lenet_fdiv_32ns_3ibs  |        0|      0|  563|  991|    0|
    |lenet_fexp_32ns_3jbC_U39  |lenet_fexp_32ns_3jbC  |        0|      7|  324|  906|    0|
    +--------------------------+----------------------+---------+-------+-----+-----+-----+
    |Total                     |                      |        0|      9| 1114| 2301|    0|
    +--------------------------+----------------------+---------+-------+-----+-----+-----+

    * DSP48E: 
    N/A

    * Memory: 
    N/A

    * FIFO: 
    N/A

    * Expression: 
    +------------------------+----------+-------+----+----+------------+------------+
    |      Variable Name     | Operation| DSP48E| FF | LUT| Bitwidth P0| Bitwidth P1|
    +------------------------+----------+-------+----+----+------------+------------+
    |add_ln949_fu_398_p2     |     +    |      0|   0|  17|           6|          17|
    |add_ln958_fu_440_p2     |     +    |      0|   0|  32|           6|          32|
    |add_ln964_fu_509_p2     |     +    |      0|   0|   8|           8|           8|
    |i_1_fu_243_p2           |     +    |      0|   0|   6|           1|           4|
    |i_2_fu_556_p2           |     +    |      0|   0|   6|           4|           1|
    |i_fu_208_p2             |     +    |      0|   0|   6|           4|           1|
    |lsb_index_fu_325_p2     |     +    |      0|   0|  32|           6|          32|
    |m_2_fu_469_p2           |     +    |      0|   0|  32|          32|          32|
    |sub_ln944_fu_316_p2     |     -    |      0|   0|  32|           5|          32|
    |sub_ln947_fu_351_p2     |     -    |      0|   0|   7|           4|           5|
    |sub_ln958_fu_451_p2     |     -    |      0|   0|  32|           5|          32|
    |sub_ln964_fu_504_p2     |     -    |      0|   0|   8|           3|           8|
    |tmp_V_3_fu_253_p2       |     -    |      0|   0|  17|          17|          17|
    |tmp_V_fu_272_p2         |     -    |      0|   0|  17|           1|          17|
    |a_fu_378_p2             |    and   |      0|   0|   1|           1|           1|
    |and_ln949_fu_411_p2     |    and   |      0|   0|   1|           1|           1|
    |p_Result_4_fu_367_p2    |    and   |      0|   0|  17|          17|          17|
    |l_fu_304_p3             |   cttz   |      0|  40|  36|          32|           0|
    |icmp_ln1494_fu_218_p2   |   icmp   |      0|   0|   7|          16|          16|
    |icmp_ln243_fu_197_p2    |   icmp   |      0|   0|   2|           4|           4|
    |icmp_ln249_fu_232_p2    |   icmp   |      0|   0|   2|           4|           4|
    |icmp_ln255_fu_545_p2    |   icmp   |      0|   0|   2|           4|           4|
    |icmp_ln935_fu_258_p2    |   icmp   |      0|   0|   7|          16|          16|
    |icmp_ln947_1_fu_372_p2  |   icmp   |      0|   0|   8|          17|           1|
    |icmp_ln947_fu_341_p2    |   icmp   |      0|   0|  12|          31|           1|
    |icmp_ln958_fu_431_p2    |   icmp   |      0|   0|  12|          32|           1|
    |lshr_ln947_fu_361_p2    |   lshr   |      0|   0|  50|           2|          17|
    |lshr_ln958_fu_445_p2    |   lshr   |      0|   0|  85|          32|          32|
    |or_ln949_fu_417_p2      |    or    |      0|   0|   1|           1|           1|
    |grp_fu_192_p1           |  select  |      0|   0|  32|           1|           1|
    |m_1_fu_462_p3           |  select  |      0|   0|  32|           1|          32|
    |select_ln245_fu_224_p3  |  select  |      0|   0|  16|           1|          16|
    |select_ln964_fu_496_p3  |  select  |      0|   0|   7|           1|           7|
    |tmp_V_4_fu_278_p3       |  select  |      0|   0|  17|           1|          17|
    |shl_ln958_fu_456_p2     |    shl   |      0|   0|  85|          32|          32|
    |xor_ln949_fu_392_p2     |    xor   |      0|   0|   2|           1|           2|
    +------------------------+----------+-------+----+----+------------+------------+
    |Total                   |          |      0|  40| 686|         350|         461|
    +------------------------+----------+-------+----+----+------------+------------+

    * Multiplexer: 
    +--------------------+----+-----------+-----+-----------+
    |        Name        | LUT| Input Size| Bits| Total Bits|
    +--------------------+----+-----------+-----+-----------+
    |FC2_out_V_address0  |   3|          4|    4|         16|
    |ap_NS_fsm           |  11|         36|    1|         36|
    |i1_0_reg_160        |   3|          2|    4|          8|
    |i2_0_reg_171        |   3|          2|    4|          8|
    |i_0_reg_137         |   3|          2|    4|          8|
    |out_r_Addr_A_orig   |   3|          4|   32|        128|
    |out_r_Din_A         |   3|          3|   32|         96|
    |out_r_WEN_A         |   3|          2|    4|          8|
    |p_Val2_1_reg_127    |   3|          2|   16|         32|
    |sum_0_reg_148       |   3|          2|   32|         64|
    +--------------------+----+-----------+-----+-----------+
    |Total               |  38|         59|  133|        404|
    +--------------------+----+-----------+-----+-----------+

    * Register: 
    +---------------------+----+----+-----+-----------+
    |         Name        | FF | LUT| Bits| Const Bits|
    +---------------------+----+----+-----+-----------+
    |ap_CS_fsm            |  35|   0|   35|          0|
    |i1_0_reg_160         |   4|   0|    4|          0|
    |i2_0_reg_171         |   4|   0|    4|          0|
    |i_0_reg_137          |   4|   0|    4|          0|
    |i_1_reg_603          |   4|   0|    4|          0|
    |i_2_reg_680          |   4|   0|    4|          0|
    |i_reg_575            |   4|   0|    4|          0|
    |icmp_ln935_reg_608   |   1|   0|    1|          0|
    |icmp_ln958_reg_646   |   1|   0|    1|          0|
    |l_reg_625            |  32|   0|   32|          0|
    |or_ln_reg_641        |   1|   0|   32|         31|
    |out_addr_reg_675     |   4|   0|    4|          0|
    |out_load_reg_685     |  32|   0|   32|          0|
    |p_Result_6_reg_613   |   1|   0|    1|          0|
    |p_Result_8_reg_651   |  32|   0|   32|          0|
    |p_Val2_1_reg_127     |  16|   0|   16|          0|
    |rhs_V_reg_580        |  17|   0|   17|          0|
    |sub_ln944_reg_635    |  32|   0|   32|          0|
    |sum_0_reg_148        |  32|   0|   32|          0|
    |tmp_1_reg_661        |  32|   0|   32|          0|
    |tmp_V_4_reg_618      |  17|   0|   17|          0|
    |tmp_reg_690          |  32|   0|   32|          0|
    |trunc_ln943_reg_630  |   8|   0|    8|          0|
    |zext_ln251_reg_593   |   4|   0|   64|         60|
    +---------------------+----+----+-----+-----------+
    |Total                | 353|   0|  444|         91|
    +---------------------+----+----+-----+-----------+



================================================================
== Interface
================================================================
* Summary: 
+--------------------+-----+-----+------------+--------------+--------------+
|      RTL Ports     | Dir | Bits|  Protocol  | Source Object|    C Type    |
+--------------------+-----+-----+------------+--------------+--------------+
|ap_clk              |  in |    1| ap_ctrl_hs |    softmax   | return value |
|ap_rst              |  in |    1| ap_ctrl_hs |    softmax   | return value |
|ap_start            |  in |    1| ap_ctrl_hs |    softmax   | return value |
|ap_done             | out |    1| ap_ctrl_hs |    softmax   | return value |
|ap_idle             | out |    1| ap_ctrl_hs |    softmax   | return value |
|ap_ready            | out |    1| ap_ctrl_hs |    softmax   | return value |
|out_r_Addr_A        | out |   32|    bram    |     out_r    |     array    |
|out_r_EN_A          | out |    1|    bram    |     out_r    |     array    |
|out_r_WEN_A         | out |    4|    bram    |     out_r    |     array    |
|out_r_Din_A         | out |   32|    bram    |     out_r    |     array    |
|out_r_Dout_A        |  in |   32|    bram    |     out_r    |     array    |
|FC2_out_V_address0  | out |    4|  ap_memory |   FC2_out_V  |     array    |
|FC2_out_V_ce0       | out |    1|  ap_memory |   FC2_out_V  |     array    |
|FC2_out_V_q0        |  in |   16|  ap_memory |   FC2_out_V  |     array    |
+--------------------+-----+-----+------------+--------------+--------------+

