dsp48e1_wrapper__parameterized1: 
case__366: 
reg__366: 
datapath__225: 
reg__54: 
flt_add: 
case__388: 
reg__657: 
case__180: 
logic__682: 
lenet_K2_W_V_1_5: 
logic__1680: 
reg__344: 
lenet_K2_W_V_8_5_rom: 
xbip_pipe_v3_0_6_viv__parameterized43: 
datapath__279: 
reg__207: 
reg__255: 
logic__480: 
case__243: 
lenet_K2_W_V_0_1: 
case__166: 
logic__30: 
reg__576: 
reg__588: 
case__377: 
datapath__160: 
rom__125: 
datapath__172: 
logic__1320: 
logic__359: 
lenet_K1_W_V_5_2_rom: 
reg__534: 
dsp48e1__80: 
reg__55: 
lenet_K2_W_V_12_5: 
case__387: 
dsp48e1__14: 
reg__268: 
datapath__18: 
lenet_K1_W_V_2_0: 
muxpart__23: 
reg__511: 
dsp48e1__33: 
reg__324: 
reg__539: 
xbip_pipe_v3_0_6_viv__parameterized130: 
logic__1670: 
reg__9: 
logic__1239: 
dsp48e1_wrapper__parameterized3: 
reg__561: 
case__344: 
logic__861: 
datapath__114: 
case__313: 
lenet_K2_W_V_0_5: 
lenet_fexp_32ns_3eOg: 
datapath__184: 
reg__182: 
extrom__3: 
lenet_K1_W_V_2_3_rom: 
logic__528: 
datapath__290: 
case__309: 
rom__106: 
reg__545: 
datapath__181: 
case__284: 
reg__416: 
lenet_K1_W_V_0_4: 
lenet_K2_W_V_9_4: 
lenet_K1_W_V_0_2: 
lenet_K2_W_V_5_2_rom: 
reg__473: 
floating_point_v7_1_8__parameterized1: 
reg__303: 
datapath__187: 
reg__251: 
lenet_K2_W_V_14_5_rom: 
dsp48e1__70: 
logic__949: 
lenet_K1_W_V_3_4_rom: 
reg__53: 
reg__702: 
xbip_pipe_v3_0_6_viv__parameterized124: 
rom__67: 
case__85: 
lenet_K3_W_V_12_rom: 
logic__1233: 
keep__19: 
lenet_K2_W_V_11_2_rom: 
lenet_K1_W_V_5_2: 
reg__355: 
carry_chain__parameterized12: 
datapath__313: 
case__374: 
keep__6: 
lenet_K2_W_V_1_4: 
datapath__221: 
logic__1423: 
reg__704: 
xbip_pipe_v3_0_6_viv__parameterized21: 
muxpart__31: 
case__40: 
reg__544: 
reg__528: 
dsp48e1__36: 
lenet_K1_W_V_0_1: 
case__127: 
reg__527: 
reg__177: 
rom__112: 
xbip_pipe_v3_0_6_viv__parameterized84: 
logic__1387: 
logic__787: 
reg__111: 
case__337: 
datapath__24: 
logic__340: 
logic__268: 
lenet_K3_W_V_7: 
case__298: 
floating_point_v7_1_8__parameterized3: 
lenet_K2_W_V_11_1_rom: 
datapath__239: 
dsp48e1__84: 
rom__87: 
datapath__289: 
rom__71: 
keep__4: 
case__347: 
logic__572: 
reg__621: 
reg__469: 
lenet_K2_W_V_7_2_rom: 
reg__424: 
lenet_K2_W_V_7_4: 
reg__323: 
logic__1266: 
case__420: 
logic__917: 
reg__340: 
reg__475: 
dsp48e1__59: 
logic__678: 
reg__482: 
dsp48e1__78: 
case__198: 
lenet_K2_W_V_13_0_rom: 
lenet_K2_W_V_3_4: 
case__197: 
xbip_pipe_v3_0_6_viv__parameterized27: 
logic__261: 
datapath__76: 
case__410: 
lenet_K3_W_V_9_rom: 
logic__1590: 
lenet_K1_W_V_5_3: 
extrom: 
case__115: 
compare_eq_im__parameterized1: 
lenet_K1_W_V_3_1: 
reg__310: 
logic__527: 
reg__209: 
case__282: 
datapath__270: 
reg__688: 
logic__1224: 
flt_log_addsub__parameterized2: 
carry_chain__parameterized2: 
logic__1639: 
muxpart__38: 
rom__35: 
lenet_K2_W_V_2_0_rom: 
case__427: 
keep__5: 
reg__338: 
case__349: 
muxpart__18: 
rom__116: 
case__279: 
case__143: 
case__223: 
reg__123: 
datapath__151: 
reg__582: 
datapath__165: 
rom__119: 
case__110: 
reg__219: 
logic__567: 
reg__464: 
case__232: 
datapath__278: 
case__448: 
logic__1074: 
case__88: 
datapath__226: 
case__296: 
logic__1185: 
reg__587: 
case__280: 
case__192: 
logic__669: 
datapath__193: 
logic__1386: 
datapath__251: 
delay__parameterized81: 
muxpart__17: 
logic__1502: 
reg__481: 
logic__1340: 
case__116: 
floating_point_v7_1_8__parameterized5: 
reg__468: 
delay__parameterized34: 
logic__656: 
reg__220: 
case__140: 
datapath__103: 
reg__444: 
reg__388: 
case__68: 
case__379: 
logic__34: 
lenet_K1_W_V_2_0_rom: 
logic__560: 
case__204: 
case__240: 
lenet_K2_W_V_14_3_rom: 
delay__parameterized38: 
logic__1367: 
datapath__277: 
rom__111: 
reg__78: 
reg__706: 
reg__254: 
logic__226: 
datapath__57: 
reg__142: 
datapath__43: 
reg__487: 
lenet_K1_W_V_3_0: 
reg__514: 
logic__1304: 
reg__327: 
logic__1422: 
lenet_fpext_32ns_dEe: 
reg__206: 
lenet_K2_W_V_13_4_rom: 
case__341: 
rom__75: 
case__257: 
muxpart__14: 
reg__93: 
datapath__105: 
reg__703: 
reg__28: 
delay__parameterized42: 
reg__322: 
reg__637: 
lenet_K2_W_V_6_3: 
case__30: 
reg__266: 
delay__parameterized73: 
datapath__65: 
datapath__207: 
logic__1230: 
lenet_K2_W_V_10_2_rom: 
logic__267: 
datapath__250: 
lenet_K2_W_V_6_3_rom: 
datapath__26: 
reg__294: 
logic__683: 
case__294: 
logic__573: 
logic__1128: 
logic__1044: 
case__449: 
logic__1606: 
rom__113: 
lenet_K2_W_V_7_5: 
reg__178: 
case__230: 
reg__456: 
reg__2: 
reg__672: 
case__235: 
datapath__94: 
datapath__137: 
logic__1362: 
delay__parameterized1: 
logic__1219: 
reg__649: 
reg__235: 
datapath__41: 
delay__parameterized64: 
reg__304: 
flt_div: 
logic__871: 
datapath__19: 
lenet_K2_W_V_2_5: 
logic__1683: 
reg__403: 
case__128: 
reg__48: 
rom__86: 
reg__579: 
reg__641: 
reg__390: 
logic__687: 
xbip_pipe_v3_0_6_viv__parameterized11: 
lenet_K2_W_V_13_0: 
reg__216: 
logic__1297: 
datapath__159: 
reg__497: 
logic__1513: 
logic__1135: 
dsp48e1__74: 
logic__134: 
datapath__230: 
lenet_K1_W_V_0_4_rom: 
case__375: 
delay__parameterized26: 
logic__1208: 
lenet_K1_W_V_1_0_rom: 
logic__1611: 
case__156: 
muxpart__35: 
reg__36: 
datapath__13: 
logic__757: 
reg__14: 
reg__39: 
reg__26: 
logic__867: 
reg__330: 
logic__566: 
datapath__185: 
datapath__73: 
flt_exp_recomb: 
reg__210: 
case__403: 
dsp48e1__61: 
case__371: 
logic__155: 
reg__102: 
muxpart__19: 
reg__116: 
reg__168: 
flt_dec_op: 
lenet_K2_W_V_3_5: 
logic__1055: 
delay__parameterized72: 
extrom__5: 
reg__546: 
delay__parameterized63: 
logic__1287: 
logic__53: 
counter__1: 
dsp48e1__79: 
rom__128: 
case__390: 
lenet_K2_W_V_8_0: 
reg__19: 
lenet_K2_W_V_1_2: 
logic__681: 
logic__1620: 
lenet_K1_W_V_4_3: 
logic__1079: 
muxpart__46: 
xbip_pipe_v3_0_6_viv__parameterized64: 
reg__308: 
datapath__2: 
xbip_pipe_v3_0_6_viv__parameterized98: 
case__35: 
reg__18: 
extrom__2: 
delay__parameterized7: 
case__55: 
case__142: 
logic__208: 
lenet_K2_W_V_12_0: 
logic__353: 
reg__393: 
reg__30: 
logic__811: 
muxpart__22: 
reg__290: 
case__67: 
dsp48e1__69: 
logic__578: 
datapath__33: 
case__21: 
reg__313: 
logic__425: 
logic__1605: 
rom__61: 
logic__112: 
lenet_K2_W_V_9_5: 
case__205: 
reg__98: 
flt_exp: 
reg__531: 
case__19: 
muxpart__44: 
lenet_K2_W_V_9_1_rom: 
reg__125: 
case__327: 
datapath__301: 
logic__423: 
delay__parameterized40: 
datapath__1: 
logic__834: 
datapath__92: 
reg__314: 
reg__701: 
datapath__284: 
lenet_K1_W_V_3_2: 
datapath__25: 
muxpart__49: 
datapath__242: 
muxpart__40: 
reg__64: 
datapath__281: 
datapath__28: 
reg__309: 
logic__246: 
reg__687: 
case__456: 
reg__76: 
logic__704: 
logic__558: 
datapath__133: 
reg__609: 
datapath__154: 
case__97: 
case__200: 
logic__494: 
keep__16: 
flt_log_addsub: 
dsp48e1__83: 
reg__647: 
reg__565: 
reg__685: 
reg__277: 
lenet_K2_W_V_2_1: 
case__324: 
lenet_K2_W_V_1_3_rom: 
case__401: 
xbip_pipe_v3_0_6_viv__parameterized23: 
datapath__108: 
case__306: 
datapath__142: 
flt_exp_ccm__parameterized0: 
datapath__269: 
reg__432: 
rom__59: 
reg__295: 
case__168: 
logic__1703: 
datapath__220: 
logic__526: 
reg__613: 
case__263: 
case__187: 
datapath__254: 
lenet_K2_W_V_0_0_rom: 
case__47: 
lenet_K2_W_V_7_3_rom: 
lenet_K2_W_V_6_0: 
reg__352: 
delay__parameterized71: 
logic__1195: 
shift_msb_first: 
reg__32: 
reg__594: 
logic__435: 
datapath__135: 
lenet_K2_W_V_5_5: 
reg__336: 
reg__88: 
rom__50: 
lenet_K2_W_V_8_1_rom: 
lenet_K3_W_V_14_rom: 
lenet_K2_W_V_15_0_rom: 
reg__117: 
case__209: 
keep__13: 
keep__20: 
reg__619: 
lenet_K2_W_V_3_0: 
compare_gt: 
keep__14: 
logic__584: 
reg__573: 
keep__18: 
datapath__136: 
reg__395: 
logic__1342: 
reg__583: 
case__109: 
logic__668: 
reg__496: 
rom__80: 
reg__29: 
case__383: 
delay__parameterized29: 
case__357: 
reg__301: 
reg__1: 
logic__1357: 
logic__1227: 
xbip_pipe_v3_0_6_viv__parameterized74: 
logic__424: 
datapath__236: 
case__269: 
rom__81: 
case__241: 
logic__533: 
reg__523: 
signinv: 
muxpart: 
datapath__162: 
logic__149: 
rom__90: 
case__184: 
reg__678: 
lenet_K3_W_V_8: 
reg__23: 
case__163: 
rom__133: 
logic__1587: 
reg__103: 
reg__241: 
logic__1284: 
reg__516: 
logic__865: 
reg__682: 
lenet_K2_W_V_9_2: 
reg__77: 
extram__6: 
reg__130: 
reg__414: 
lenet_K2_W_V_10_1: 
dsp48e1__49: 
logic__918: 
reg__447: 
rom__55: 
reg__156: 
logic__394: 
datapath__79: 
logic__630: 
xbip_pipe_v3_0_6_viv__parameterized78: 
extrom__7: 
logic__701: 
logic__1687: 
reg__612: 
logic__1464: 
case__283: 
xbip_pipe_v3_0_6_viv__parameterized110: 
case__196: 
reg__164: 
lenet_K2_W_V_12_1: 
rom__91: 
logic__879: 
counter: 
delay__parameterized41: 
reg__550: 
case__299: 
datapath__95: 
lenet_K3_W_V_8_rom: 
reg__365: 
lenet_K2_W_V_11_2: 
logic__648: 
datapath__317: 
case__38: 
case__189: 
dsp48e1__54: 
lenet_K2_W_V_12_1_rom: 
lenet_K1_W_V_3_0_rom: 
lenet_K2_W_V_9_0: 
logic__1691: 
counter__2: 
datapath__275: 
reg__611: 
reg__374: 
logic__944: 
xbip_pipe_v3_0_6_viv__parameterized53: 
reg__167: 
case__165: 
case__253: 
rom__43: 
case__69: 
datapath__97: 
datapath__233: 
lenet_K1_W_V_5_0_rom: 
datapath__271: 
logic__259: 
lenet_K2_W_V_5_3: 
xbip_pipe_v3_0_6_viv__parameterized120: 
reg__348: 
reg__27: 
case__386: 
logic__822: 
delay__parameterized4: 
datapath__263: 
xbip_pipe_v3_0_6_viv__parameterized116: 
dsp48e1__68: 
logic__1663: 
logic__1477: 
reg__443: 
datapath__235: 
delay__parameterized53: 
case__36: 
reg__302: 
align_add_dsp48e1_sgl: 
logic__475: 
lenet_K3_W_V_11_rom: 
reg__521: 
lenet_K1_W_V_4_4_rom: 
reg__431: 
dsp48e1__2: 
lenet_K2_W_V_4_1_rom: 
logic__1501: 
logic__784: 
reg__659: 
reg__616: 
logic__1472: 
logic__133: 
logic__597: 
logic__1632: 
logic__611: 
lenet_K2_W_V_5_0_rom: 
logic__893: 
case__268: 
reg__630: 
datapath__146: 
logic__1181: 
dsp48e1__39: 
datapath__201: 
extrom__16: 
datapath__177: 
reg__21: 
case__87: 
logic__1694: 
reg__343: 
datapath__244: 
reg__188: 
case__96: 
rom__124: 
muxpart__9: 
lenet_K2_W_V_12_2: 
case__123: 
lenet_K2_W_V_2_2: 
lenet_K3_W_V_10_rom: 
logic__13: 
dsp48e1__35: 
reg__267: 
case__210: 
reg__293: 
lenet_K2_W_V_14_0: 
reg__362: 
lenet_K2_W_V_9_5_rom: 
delay__parameterized6: 
lenet_K3_W_V_6_rom: 
case__322: 
reg__213: 
rom__8: 
lenet_K1_W_V_3_1_rom: 
logic__1702: 
logic__976: 
reg__292: 
datapath__309: 
dsp48e1__42: 
reg__147: 
case__305: 
reg__455: 
keep__7: 
case__434: 
flt_dec_op_lat: 
delay__parameterized5: 
case__201: 
datapath__168: 
delay__parameterized66: 
logic__1109: 
lenet_K3_W_V_13: 
logic__795: 
logic__277: 
reg__408: 
reg__337: 
reg__92: 
datapath__119: 
case__63: 
case__301: 
case__398: 
case__217: 
lenet_K2_W_V_3_2: 
datapath__208: 
logic__1323: 
reg__124: 
case__285: 
datapath__107: 
dsp48e1__47: 
reg__572: 
reg__628: 
reg__331: 
reg__379: 
reg__671: 
datapath__238: 
reg__697: 
case__271: 
lenet_K2_W_V_0_1_rom: 
reg__581: 
logic__768: 
lenet_K2_W_V_5_4: 
reg__607: 
reg__684: 
datapath__42: 
case__422: 
case__79: 
special_detect__parameterized1: 
datapath__141: 
logic__446: 
reg__536: 
datapath__134: 
dsp48e1__85: 
case__411: 
reg__211: 
dsp48e1__45: 
reg__448: 
muxpart__53: 
xbip_pipe_v3_0_6_viv__parameterized122: 
reg__361: 
case__34: 
datapath__258: 
rom__108: 
case__455: 
case__365: 
reg__325: 
lenet_K2_W_V_10_4_rom: 
logic__73: 
lenet_K2_W_V_8_3: 
muxpart__34: 
reg__389: 
datapath__102: 
case__169: 
datapath__52: 
lenet_K2_W_V_5_1: 
datapath__188: 
reg__179: 
datapath__86: 
logic__80: 
flt_round_bit: 
extrom__11: 
lenet_K1_W_V_5_3_rom: 
case__328: 
keep: 
logic__1536: 
logic__1496: 
logic__213: 
datapath__293: 
keep__9: 
xbip_pipe_v3_0_6_viv__parameterized25: 
delay__parameterized36: 
lenet_FC2_out_V: 
lenet_K2_W_V_3_1_rom: 
case__102: 
reg__636: 
compare_gt__parameterized1: 
lenet_K2_W_V_11_4_rom: 
case__291: 
case__415: 
logic__263: 
reg__63: 
case__348: 
delay__parameterized43: 
dsp48e1__20: 
lenet_K3_W_V_0: 
reg__461: 
xbip_pipe_v3_0_6_viv__parameterized96: 
reg__97: 
lenet_K2_W_V_11_0: 
xbip_pipe_v3_0_6_viv__parameterized102: 
reg__20: 
logic__1519: 
reg__59: 
carry_chain__parameterized9: 
muxpart__33: 
case__353: 
lenet_K2_W_V_10_3: 
reg__306: 
case__78: 
logic__29: 
dsp48e1__8: 
reg__404: 
case__51: 
reg__190: 
case__453: 
reg__223: 
logic__1573: 
lenet_K2_W_V_4_5_rom: 
reg__222: 
muxpart__16: 
case__391: 
rom__130: 
reg__698: 
logic__442: 
lenet_K2_W_V_8_1: 
logic__1090: 
rom__51: 
logic__875: 
reg__467: 
logic__664: 
logic__840: 
reg__601: 
logic__1129: 
case__432: 
case__330: 
logic__596: 
reg__218: 
logic__1300: 
case__66: 
case__41: 
reg__262: 
extrom__13: 
lenet_K3_W_V_5_rom: 
delay__parameterized39: 
reg__244: 
reg__586: 
reg__420: 
datapath__264: 
flt_log_addsub__parameterized3: 
case__384: 
datapath__91: 
reg__12: 
logic__1113: 
case__24: 
reg__107: 
logic__258: 
reg__571: 
flt_div_mant: 
rom__102: 
case__376: 
logic__436: 
reg__342: 
reg__526: 
reg__602: 
reg__673: 
logic__346: 
reg__370: 
logic__872: 
logic__339: 
logic__1679: 
lenet_K2_W_V_7_3: 
logic__337: 
logic__31: 
reg__378: 
reg__660: 
reg__358: 
logic__1541: 
datapath__37: 
logic__1009: 
reg__450: 
reg__22: 
logic__1700: 
lenet_K1_W_V_4_2_rom: 
datapath__169: 
delay__parameterized80: 
reg__265: 
delay__parameterized69: 
flt_exp_ccm: 
lenet_K2_W_V_2_0: 
datapath__60: 
rom__66: 
xbip_pipe_v3_0_6_viv__parameterized92: 
case__222: 
datapath__67: 
datapath__11: 
logic__1483: 
reg__411: 
reg__214: 
lenet_K2_W_V_4_3: 
datapath__6: 
datapath__69: 
logic__369: 
reg__639: 
logic__590: 
reg__560: 
logic__816: 
logic__1673: 
case__191: 
reg__622: 
delay__parameterized60: 
reg__208: 
case__131: 
reg__145: 
datapath__285: 
muxpart__25: 
case__130: 
xbip_pipe_v3_0_6_viv__parameterized35: 
logic__1471: 
logic__307: 
rom__46: 
xbip_pipe_v3_0_6_viv__parameterized29: 
reg__341: 
logic__1269: 
reg__215: 
logic__490: 
carry_chain__parameterized1: 
datapath__202: 
case__245: 
lenet_K1_W_V_1_2: 
reg__276: 
case__397: 
rom__62: 
case__260: 
case__431: 
flt_log_addsub__parameterized0: 
reg__563: 
datapath__16: 
reg__604: 
lead_zero_encode_shift: 
muxpart__12: 
datapath__158: 
case__151: 
reg__410: 
rom__96: 
flt_exp_e2zmzm1: 
logic__43: 
reg__371: 
case__173: 
case__129: 
case__426: 
lenet_K1_W_V_4_0_rom: 
case__221: 
logic__152: 
lenet_K2_W_V_4_4: 
case__266: 
logic__1265: 
reg__460: 
lenet_K2_W_V_15_5_rom: 
logic__523: 
case__350: 
datapath__38: 
reg__67: 
reg__471: 
logic__507: 
case__50: 
datapath__163: 
case__335: 
logic__47: 
reg__699: 
reg__17: 
rom__94: 
reg__489: 
logic__256: 
lenet_K1_W_V_2_2: 
datapath__297: 
lenet_Crtl_s_axi: 
lenet_K3_W_V_10: 
logic__726: 
rom__95: 
reg__347: 
reg__580: 
reg__312: 
reg__284: 
case__219: 
datapath__237: 
reg__197: 
dsp48e1__75: 
reg__158: 
case__416: 
case__101: 
logic__1596: 
reg__25: 
logic__46: 
logic__665: 
datapath__157: 
logic__252: 
case__258: 
case__430: 
case__134: 
lenet_K2_W_V_7_1: 
carry_chain__parameterized4: 
datapath__262: 
case__378: 
logic__588: 
reg__677: 
delay__parameterized35: 
case__58: 
datapath__183: 
lenet_K2_W_V_1_0_rom: 
logic__786: 
case__26: 
lenet_FC1_W_V: 
dsp48e1__10: 
logic__1004: 
logic__1317: 
reg__58: 
reg__319: 
reg__542: 
lenet_K2_W_V_8_5: 
reg__51: 
rom__38: 
reg__10: 
reg__227: 
logic__1532: 
carry_chain__parameterized15: 
case__303: 
datapath__120: 
rom__70: 
muxpart__32: 
rom__27: 
muxpart__39: 
reg__186: 
logic__248: 
case__297: 
lenet_FC1_B_V: 
case__425: 
datapath__32: 
case__267: 
datapath__35: 
rom__99: 
case__372: 
datapath__219: 
dsp48e1__30: 
extrom__17: 
logic__1388: 
case__419: 
reg__106: 
rom__6: 
logic__146: 
reg__229: 
keep__17: 
case__438: 
reg__143: 
reg__13: 
reg__498: 
case__195: 
lenet_K3_W_V_5: 
delay__parameterized32: 
datapath__211: 
datapath__218: 
reg__368: 
case__17: 
reg__680: 
reg__661: 
case__154: 
rom__114: 
flt_dec_op__parameterized0: 
reg__351: 
logic__188: 
logic__663: 
reg__457: 
datapath__31: 
logic__1238: 
lenet_K2_W_V_4_2: 
logic__278: 
case__148: 
rom__129: 
lenet_K2_W_V_13_2: 
reg__638: 
reg__515: 
reg__139: 
reg__466: 
logic__1343: 
reg__624: 
logic__1068: 
reg__243: 
logic__1279: 
lenet_K2_W_V_2_3: 
case__213: 
logic__223: 
reg__645: 
datapath__229: 
case__199: 
reg__239: 
logic__1216: 
datapath__12: 
lenet_FC2_B_V_rom: 
reg__398: 
rom__47: 
rom__84: 
logic__319: 
muxpart__45: 
lenet_K2_W_V_13_1: 
datapath__59: 
reg__278: 
datapath__198: 
carry_chain__parameterized6: 
lenet: 
reg__3: 
delay__parameterized45: 
case__307: 
reg__631: 
dsp48e1__48: 
reg__380: 
reg__87: 
reg__422: 
reg__16: 
datapath__161: 
datapath__72: 
datapath__210: 
muxpart__37: 
reg__552: 
datapath__170: 
logic__973: 
datapath__139: 
case__370: 
reg__315: 
reg__228: 
datapath__58: 
flt_exp_specialcase: 
datapath__299: 
lenet_K2_W_V_1_2_rom: 
muxpart__21: 
reg__82: 
datapath__206: 
case__80: 
lenet_K2_W_V_4_2_rom: 
lenet_K2_W_V_14_3: 
lenet_K1_W_V_4_4: 
reg__590: 
lenet_K2_W_V_3_4_rom: 
case__393: 
lenet_K2_W_V_4_0: 
case__310: 
case__39: 
reg__394: 
reg__633: 
lenet_K2_W_V_13_3: 
case__186: 
reg__406: 
lenet_K2_W_V_7_5_rom: 
reg__439: 
dsp48e1_wrapper__parameterized2: 
logic__967: 
lenet_K2_W_V_14_0_rom: 
reg__445: 
case__402: 
reg__418: 
case__247: 
datapath__212: 
lenet_K2_W_V_2_4: 
lenet_K2_W_V_5_3_rom: 
logic__1051: 
reg__307: 
lenet_K2_W_V_8_0_rom: 
logic__1021: 
datapath__53: 
xbip_pipe_v3_0_6_viv__parameterized17: 
reg__225: 
case__406: 
reg__690: 
dsp48e1__64: 
rom__7: 
lenet_FC1_B_V_rom: 
lenet_K2_W_V_13_5: 
muxpart__20: 
case__132: 
case__446: 
case__369: 
reg__376: 
datapath__112: 
lenet_K2_W_V_8_4_rom: 
rom__131: 
reg__705: 
reg__153: 
rom__78: 
datapath__191: 
muxpart__15: 
reg__584: 
reg__163: 
delay__parameterized49: 
datapath__232: 
logic__776: 
reg__564: 
lenet_K2_W_V_15_1_rom: 
case__122: 
reg__553: 
logic__792: 
logic__37: 
datapath__27: 
lenet_K2_W_V_11_5: 
logic__1608: 
dsp48e1_wrapper__parameterized0: 
logic__456: 
datapath__312: 
lenet_K2_W_V_15_4_rom: 
logic__722: 
logic__1187: 
case__356: 
reg__606: 
extram__4: 
reg__589: 
logic__28: 
case__77: 
logic__341: 
lenet_K2_W_V_11_0_rom: 
reg__250: 
logic__925: 
case__185: 
datapath__83: 
logic__1052: 
extrom__1: 
case__53: 
reg__632: 
reg__620: 
delay__parameterized24: 
lenet_K2_W_V_13_5_rom: 
rom__34: 
case__105: 
case__45: 
logic__1533: 
delay__parameterized8: 
reg__4: 
datapath__295: 
case__246: 
case__139: 
logic__1101: 
case__22: 
reg__382: 
case__450: 
reg__346: 
reg__339: 
rom__117: 
logic__1695: 
datapath__20: 
datapath__66: 
case__264: 
logic__676: 
delay__parameterized30: 
reg__519: 
reg__551: 
lenet_FC2_W_V: 
case__46: 
logic__1468: 
case__83: 
reg__15: 
reg__181: 
reg__670: 
logic__41: 
case__226: 
logic__771: 
reg__522: 
xbip_pipe_v3_0_6_viv__parameterized37: 
logic__1110: 
logic__898: 
xbip_pipe_v3_0_6_viv__parameterized19: 
case__457: 
datapath__228: 
carry_chain__parameterized5: 
reg__24: 
logic__1575: 
logic__111: 
reg__556: 
lenet_K1_W_V_1_1: 
reg__233: 
reg__668: 
lenet_C3_out_V_0_0: 
case__424: 
lenet_K2_W_V_13_4: 
lenet_K3_B_V: 
case__144: 
case__295: 
case__60: 
delay__parameterized22: 
xbip_pipe_v3_0_6_viv__parameterized108: 
delay__parameterized61: 
rom__45: 
case__252: 
lenet_K2_W_V_15_1: 
logic__1593: 
logic__255: 
rom__74: 
delay_s__parameterized0: 
case__212: 
case__94: 
logic__249: 
logic__1293: 
lenet_K2_W_V_15_2_rom: 
datapath__179: 
reg__38: 
lenet_K1_W_V_1_3: 
logic__1313: 
rom__126: 
case__20: 
logic__1488: 
case__435: 
logic__299: 
xbip_pipe_v3_0_6_viv__parameterized39: 
reg__291: 
delay__parameterized37: 
lenet_K2_W_V_6_5: 
reg__166: 
lenet_K3_W_V_6: 
case__278: 
logic__457: 
case__64: 
logic__686: 
reg__289: 
lenet_K2_W_V_13_1_rom: 
rom__57: 
logic__426: 
case__315: 
logic__279: 
xbip_pipe_v3_0_6_viv__parameterized112: 
flt_to_fix_conv: 
case__363: 
lenet_K2_W_V_4_1: 
case__320: 
logic__926: 
rom__17: 
reg__11: 
reg__391: 
case__355: 
datapath__81: 
reg__249: 
logic__854: 
lenet_K2_W_V_15_5: 
reg__332: 
lenet_K2_W_V_15_3: 
logic__378: 
case__149: 
dsp48e1__24: 
logic__1523: 
datapath__224: 
dsp48e1__58: 
lenet_K2_W_V_5_2: 
case__112: 
reg__627: 
lenet_K2_W_V_14_2: 
case__135: 
datapath__195: 
reg__104: 
lenet_K3_W_V_13_rom: 
logic__400: 
dsp48e1__3: 
lenet_K1_W_V_4_1_rom: 
datapath__99: 
case__237: 
reg__246: 
case__86: 
logic__803: 
logic__727: 
muxpart__48: 
datapath__71: 
rom__42: 
reg__52: 
logic__802: 
delay__parameterized68: 
datapath__77: 
case__332: 
lenet_K2_W_V_11_5_rom: 
rom__85: 
datapath__214: 
case__164: 
lenet_K2_W_V_0_5_rom: 
carry_chain__parameterized14: 
muxpart__28: 
case__172: 
logic__1676: 
logic__218: 
case__202: 
reg__224: 
datapath__194: 
reg__185: 
logic__1579: 
rom__37: 
reg__413: 
delay: 
logic__227: 
case__43: 
logic__1210: 
lenet_K2_W_V_12_4: 
datapath__167: 
logic__1194: 
reg__272: 
case__248: 
lenet_FC1_W_V_rom: 
floating_point_v7_1_8_viv__parameterized3: 
case__161: 
xbip_pipe_v3_0_6_viv__parameterized89: 
logic__576: 
reg__35: 
lenet_FC2_B_V: 
case__362: 
logic__948: 
case__61: 
case__93: 
case__145: 
reg__273: 
reg__335: 
reg__194: 
case__99: 
reg__419: 
delay__parameterized70: 
datapath__316: 
logic__291: 
case__331: 
rom__115: 
extram__1: 
case__346: 
datapath__217: 
case__441: 
datapath__84: 
reg__597: 
lenet_K2_W_V_8_2_rom: 
logic__326: 
logic__1046: 
lenet_K2_W_V_0_4: 
lenet_K2_W_V_10_5: 
rom__41: 
lenet_K2_W_V_3_5_rom: 
logic__629: 
case__368: 
xbip_pipe_v3_0_6_viv__parameterized100: 
reg__110: 
reg__94: 
reg__202: 
datapath__117: 
reg__80: 
datapath__302: 
reg__438: 
datapath__288: 
floating_point_v7_1_8_viv__parameterized5: 
delay__parameterized15: 
case__389: 
datapath__149: 
xbip_pipe_v3_0_6_viv__parameterized3: 
reg__316: 
case__56: 
case__381: 
logic__866: 
datapath__216: 
case__329: 
rom__9: 
reg__329: 
lenet_K2_W_V_0_0: 
case__318: 
logic__695: 
logic__693: 
rom__33: 
case__76: 
lenet_K2_W_V_12_3: 
case__158: 
logic__772: 
logic__1522: 
logic__870: 
reg__279: 
reg__203: 
xbip_pipe_v3_0_6_viv__parameterized118: 
logic__1563: 
logic__1078: 
datapath__45: 
reg__634: 
datapath__30: 
lenet_K1_W_V_0_0: 
reg__162: 
case__220: 
lenet_K1_W_V_1_0: 
keep__12: 
case__176: 
logic__1354: 
reg__441: 
dsp48e1__63: 
logic__1184: 
logic__1371: 
logic__1259: 
rom__28: 
case__255: 
case__218: 
case__125: 
case__439: 
dsp48e1__41: 
case__288: 
carry_chain: 
datapath__118: 
logic__813: 
case__228: 
logic__1191: 
delay__parameterized33: 
datapath__283: 
reg__240: 
logic__68: 
logic__132: 
reg__200: 
logic__103: 
lenet_K1_W_V_4_1: 
dsp48e1__82: 
reg__318: 
datapath__268: 
reg__392: 
datapath__241: 
lenet_K2_W_V_5_5_rom: 
xbip_pipe_v3_0_6_viv__parameterized94: 
case__447: 
case__18: 
reg__169: 
xbip_pipe_v3_0_6_viv__parameterized128: 
reg__585: 
reg__396: 
logic__1294: 
lenet_K2_W_V_3_0_rom: 
lenet_K2_W_V_15_4: 
datapath__110: 
datapath__106: 
delay__parameterized21: 
case__121: 
datapath__213: 
logic__77: 
logic__691: 
reg__187: 
flt_div_mant_addsub: 
reg__334: 
reg__274: 
datapath__130: 
reg__538: 
reg__96: 
logic__821: 
case__150: 
logic__688: 
delay__parameterized75: 
reg__640: 
rom__83: 
lenet_K1_W_V_3_3_rom: 
case__126: 
reg__232: 
logic__706: 
lenet_K2_W_V_6_2: 
rom__121: 
reg__459: 
reg__282: 
special_detect__parameterized2: 
case__194: 
dsp48e1__31: 
keep__10: 
logic__838: 
rom__54: 
case__414: 
case__42: 
case__170: 
reg__691: 
flt_to_flt_conv: 
datapath__49: 
logic__823: 
reg__642: 
case__459: 
case__443: 
lenet_K2_W_V_10_1_rom: 
case__167: 
norm_and_round_dsp48e1_sgl: 
dsp48e1__53: 
lenet_K2_W_V_3_2_rom: 
rom__77: 
lenet_K2_W_V_6_1: 
reg__574: 
reg__401: 
reg__434: 
muxpart__13: 
dsp48e1__60: 
reg__686: 
lenet_K2_W_V_14_2_rom: 
lenet_K1_B_V: 
reg__283: 
reg__192: 
reg__248: 
reg__543: 
case__157: 
lenet_K2_W_V_8_2: 
datapath__68: 
reg__405: 
datapath__144: 
reg__62: 
logic__608: 
reg__118: 
logic__868: 
reg__676: 
reg__562: 
muxpart__24: 
logic__1147: 
datapath__70: 
reg__524: 
datapath__261: 
datapath__3: 
logic__1018: 
renorm_and_round_logic__parameterized0: 
reg__50: 
case__234: 
reg__566: 
delay__parameterized28: 
muxpart__43: 
logic__815: 
reg__381: 
reg__349: 
case__90: 
reg__658: 
case__75: 
delay__parameterized50: 
case__111: 
reg__593: 
reg__100: 
reg__86: 
lenet_K1_W_V_3_4: 
logic__250: 
reg__598: 
reg__569: 
case__444: 
lenet_K2_W_V_1_1: 
reg__532: 
dsp48e1__55: 
rom__18: 
datapath__96: 
reg__577: 
logic__559: 
reg__507: 
reg__462: 
reg__605: 
case__442: 
datapath__138: 
reg__146: 
reg__204: 
dsp48e1__12: 
lenet_K2_W_V_10_3_rom: 
delay__parameterized62: 
lenet_K3_W_V_1: 
reg__136: 
datapath__116: 
datapath__55: 
dsp48e1__67: 
logic__55: 
rom__79: 
logic__1153: 
reg__417: 
logic__824: 
logic__38: 
case__289: 
reg__681: 
case__373: 
muxpart__11: 
reg__256: 
datapath__247: 
reg__135: 
lenet_K2_W_V_0_2: 
reg__112: 
reg__234: 
logic__933: 
datapath__98: 
logic__366: 
reg__140: 
reg__286: 
lenet_K2_W_V_6_4: 
reg__81: 
carry_chain__parameterized10: 
datapath__132: 
logic__1056: 
lenet_K2_W_V_2_2_rom: 
dsp48e1__56: 
case__107: 
datapath__75: 
rom__135: 
case__174: 
reg__427: 
reg__354: 
reg__141: 
lenet_K1_W_V_1_2_rom: 
logic__310: 
logic__1589: 
logic__285: 
logic__1609: 
logic__193: 
reg__501: 
rom__19: 
reg__300: 
logic__1607: 
case__183: 
logic__723: 
logic__607: 
dsp48e1__29: 
muxpart__27: 
lenet_in_V: 
lenet_K2_W_V_10_4: 
reg__549: 
logic__1389: 
reg__537: 
case__396: 
case__70: 
reg__555: 
lenet_K2_W_V_10_5_rom: 
reg__517: 
reg__629: 
reg__350: 
reg__152: 
rom__56: 
logic__779: 
reg__71: 
logic__1510: 
reg__486: 
reg__559: 
logic__1130: 
reg__470: 
reg__75: 
logic__571: 
extrom__6: 
logic__644: 
datapath__274: 
lenet_K2_W_V_9_1: 
reg__665: 
rom__118: 
lenet_K2_W_V_0_3: 
compare_eq_im__parameterized0: 
lenet_P1_out_V: 
case__286: 
case__31: 
datapath__113: 
case__82: 
case__236: 
case__395: 
datapath__78: 
rom__73: 
flt_to_flt_conv_exp: 
lenet_K3_W_V_2_rom: 
logic__257: 
case__407: 
case__136: 
logic__1588: 
floating_point_v7_1_8_viv__parameterized1: 
logic__254: 
reg__114: 
datapath__304: 
logic__36: 
case__382: 
lenet_K1_W_V_4_2: 
case: 
reg__617: 
case__231: 
dsp48e1__77: 
xbip_pipe_v3_0_6_viv__parameterized7: 
reg__463: 
logic__354: 
rom__30: 
design_1_lenet_0_3: 
case__103: 
reg__305: 
datapath__21: 
reg__43: 
datapath__292: 
reg__298: 
logic__677: 
rom__60: 
lenet_K1_W_V_4_3_rom: 
rom__31: 
case__152: 
reg__189: 
case__259: 
logic__1484: 
logic__311: 
reg__384: 
reg__363: 
case__74: 
rom__16: 
delay__parameterized27: 
datapath__306: 
logic__1356: 
reg__119: 
reg__451: 
reg__42: 
datapath__294: 
rom__88: 
lenet_K2_W_V_10_0: 
logic__481: 
logic__522: 
reg__530: 
reg__446: 
xbip_pipe_v3_0_6_viv__parameterized82: 
logic__1350: 
datapath__36: 
logic__458: 
logic__1626: 
datapath__291: 
lenet_K3_W_V_3_rom: 
rom__44: 
logic__432: 
case__23: 
datapath__143: 
dsp48e1__46: 
case__146: 
lenet_K2_W_V_12_2_rom: 
case__52: 
reg__437: 
reg__518: 
datapath__303: 
reg__625: 
reg__567: 
extrom__9: 
logic__1267: 
case__312: 
logic__524: 
reg__548: 
case__179: 
logic__1664: 
delay__parameterized25: 
reg__667: 
special_detect__parameterized0: 
lenet_P1_out_V_ram: 
rom__10: 
renorm_and_round_logic: 
rom__26: 
dsp48e1__52: 
logic__1545: 
xbip_pipe_v3_0_6_viv: 
logic__54: 
logic__583: 
lenet_K1_W_V_5_0: 
logic__1050: 
lenet_K1_W_V_5_1_rom: 
lenet_P2_out_V: 
keep__22: 
reg__148: 
rom__89: 
case__281: 
logic__570: 
lenet_K1_W_V_0_3: 
datapath__17: 
reg__159: 
reg__333: 
reg__66: 
reg__653: 
rom__25: 
reg__421: 
logic__1353: 
reg__201: 
reg__108: 
case__361: 
logic__1414: 
lenet_K1_W_V_0_3_rom: 
reg__120: 
delay__parameterized18: 
reg__373: 
reg__184: 
reg__480: 
logic__1592: 
reg__174: 
reg__506: 
logic__652: 
rom__82: 
logic__1303: 
reg__126: 
lenet_K2_W_V_11_3_rom: 
rom__52: 
reg__558: 
logic__1183: 
rom__93: 
logic__1529: 
logic__556: 
reg__387: 
case__124: 
reg__238: 
case__182: 
delay__parameterized67: 
datapath__307: 
rom__110: 
logic__1209: 
dsp48e1__38: 
logic__452: 
reg__529: 
logic__577: 
case__364: 
reg__353: 
lenet_K2_W_V_6_4_rom: 
reg__615: 
reg__287: 
logic__1146: 
lenet_K2_W_V_10_2: 
reg__170: 
case__339: 
datapath__300: 
logic__1465: 
logic__628: 
reg__128: 
reg__91: 
reg__695: 
logic__1546: 
case__316: 
xbip_pipe_v3_0_6_viv__parameterized68: 
rom__2: 
lenet_in_V_ram: 
logic__906: 
datapath__182: 
reg__258: 
logic__305: 
lenet_K2_W_V_14_1: 
xbip_pipe_v3_0_6_viv__parameterized5: 
logic__977: 
dsp48e1__5: 
logic__1298: 
logic__1263: 
extrom__12: 
logic__634: 
reg__675: 
logic__1280: 
logic__970: 
extram__2: 
logic__1344: 
reg__129: 
datapath__126: 
reg__618: 
logic__266: 
case__304: 
logic__880: 
datapath__315: 
reg__568: 
xbip_pipe_v3_0_6_viv__parameterized15: 
rom__68: 
datapath__248: 
reg__113: 
logic__1315: 
flt_log_addsub__parameterized1: 
datapath__227: 
case__37: 
lenet_K2_W_V_12_0_rom: 
datapath__29: 
case__319: 
case__454: 
reg__476: 
datapath__4: 
case__440: 
reg__328: 
delay__parameterized12: 
case__333: 
delay__parameterized79: 
reg__356: 
lenet_K2_W_V_15_0: 
logic__814: 
logic__1591: 
case__141: 
case__275: 
rom__3: 
case__421: 
case__207: 
extram__3: 
logic__909: 
case__308: 
datapath__156: 
reg__505: 
logic__1307: 
reg__540: 
case__114: 
lenet_K2_W_V_9_0_rom: 
logic__1148: 
logic__1619: 
case__203: 
logic__639: 
case__159: 
rom__32: 
reg__485: 
case__138: 
reg__212: 
reg__176: 
reg__650: 
reg__33: 
logic__1345: 
case__336: 
case__418: 
reg__47: 
reg__694: 
datapath__90: 
reg__693: 
xbip_pipe_v3_0_6_viv__parameterized62: 
muxpart__29: 
lenet_FC2_W_V_rom: 
xbip_pipe_v3_0_6_viv__parameterized86: 
rom__1: 
datapath__87: 
reg__61: 
rom__5: 
logic__447: 
xbip_pipe_v3_0_6_viv__parameterized104: 
logic__231: 
logic__724: 
logic__788: 
reg__74: 
muxpart__36: 
case__451: 
case__265: 
case__340: 
case__188: 
delay__parameterized59: 
carry_chain__parameterized11: 
case__273: 
reg__369: 
reg__121: 
case__338: 
case__178: 
reg__513: 
datapath__253: 
dsp48e1__76: 
reg__614: 
reg__429: 
reg__252: 
delay__parameterized82: 
logic__623: 
case__250: 
lenet_ap_fexp_6_full_dsp_32: 
logic__1091: 
reg__34: 
reg__426: 
reg__359: 
delay__parameterized10: 
datapath__196: 
lenet_K2_W_V_6_1_rom: 
logic__1531: 
reg__478: 
case__302: 
logic__115: 
rom__53: 
datapath__51: 
reg__137: 
datapath__9: 
xbip_pipe_v3_0_6_viv__parameterized66: 
dsp48e1__28: 
dsp48e1__16: 
logic__975: 
reg__73: 
delay__parameterized9: 
lenet_K2_W_V_3_3: 
case__91: 
datapath__259: 
reg__288: 
reg__138: 
delay__parameterized47: 
logic__800: 
case__181: 
datapath__314: 
datapath__296: 
delay__parameterized11: 
reg__644: 
logic__493: 
lenet_K2_W_V_5_0: 
signinv__1: 
datapath__15: 
case__400: 
case__314: 
case__33: 
lenet_K2_W_V_9_3: 
datapath__147: 
datapath__100: 
logic__585: 
logic__1045: 
datapath__111: 
logic__1629: 
reg__149: 
logic__318: 
lenet_K3_W_V_1_rom: 
lenet_K2_W_V_2_4_rom: 
case__458: 
case__16: 
reg__157: 
logic__785: 
logic__262: 
delay_s: 
logic__1623: 
lenet_K3_W_V_11: 
datapath__205: 
datapath__197: 
logic__306: 
reg__654: 
reg__499: 
logic__862: 
case__311: 
dsp48e1__21: 
logic__300: 
reg__449: 
datapath__85: 
logic__1059: 
case__216: 
carry_chain__parameterized13: 
logic__1485: 
reg__502: 
dsp48e1__37: 
datapath: 
lenet_C2_out_V: 
logic__851: 
logic__806: 
case__27: 
case__249: 
delay__parameterized55: 
reg__400: 
case__214: 
case__277: 
reg__221: 
datapath__61: 
logic__1495: 
xbip_pipe_v3_0_6_viv__parameterized41: 
logic: 
case__445: 
logic__649: 
case__44: 
case__433: 
lenet_P2_out_V_ram: 
logic__1530: 
reg__477: 
rom__122: 
lenet_K1_W_V_2_4_rom: 
reg__90: 
case__175: 
reg__440: 
logic__49: 
reg__547: 
xbip_pipe_v3_0_6_viv__parameterized106: 
reg__492: 
logic__553: 
special_detect: 
lenet_C2_out_V_ram: 
rom__69: 
datapath__109: 
case__409: 
lenet_K2_W_V_12_3_rom: 
logic__203: 
rom__22: 
logic__1310: 
rom__29: 
lenet_K3_W_V_12: 
case__59: 
reg__442: 
dsp48e1_wrapper: 
reg__226: 
extram: 
reg__669: 
reg__635: 
rom__64: 
logic__593: 
datapath__234: 
logic__520: 
xbip_pipe_v3_0_6_viv__parameterized49: 
reg__377: 
lenet_K2_W_V_2_5_rom: 
datapath__63: 
lenet_fdiv_32ns_3cud: 
reg__648: 
datapath__89: 
lenet_K3_W_V_2: 
case__147: 
logic__44: 
reg__646: 
dsp48e1__62: 
rom__134: 
reg__280: 
carry_chain__parameterized7: 
datapath__282: 
logic__1583: 
logic__1705: 
reg__364: 
datapath__178: 
reg__652: 
dsp48e1: 
lenet_C1_out_V: 
datapath__272: 
logic__143: 
reg__269: 
lenet_K1_W_V_2_2_rom: 
lenet_K3_B_V_rom: 
logic__848: 
logic__52: 
logic__833: 
datapath__56: 
reg__360: 
case__89: 
reg__311: 
lenet_K3_W_V_14: 
rom__107: 
logic__1610: 
reg__666: 
datapath__280: 
datapath__164: 
reg__409: 
lenet_K2_W_V_1_5_rom: 
floating_point_v7_1_8: 
logic__589: 
logic__972: 
logic__1348: 
muxpart__42: 
logic__317: 
reg__245: 
logic__959: 
delay__parameterized48: 
reg__281: 
rom__72: 
logic__1537: 
lenet_K2_W_V_4_0_rom: 
datapath__145: 
reg__592: 
case__120: 
logic__907: 
reg__275: 
reg__101: 
logic__714: 
rom__105: 
logic__1030: 
reg__700: 
reg__689: 
lenet_K3_W_V_7_rom: 
datapath__124: 
datapath__255: 
logic__1283: 
lenet_K2_W_V_3_3_rom: 
xbip_pipe_v3_0_6_viv__parameterized51: 
delay__parameterized44: 
reg__490: 
rom__21: 
logic__557: 
compare_ne_im: 
logic__555: 
datapath__175: 
case__49: 
case__25: 
case__325: 
delay__parameterized51: 
datapath__174: 
flt_add_dsp: 
reg__479: 
case__272: 
logic__731: 
datapath__173: 
muxpart__51: 
xbip_pipe_v3_0_6_viv__parameterized70: 
logic__352: 
datapath__122: 
lenet_K2_W_V_11_4: 
datapath__204: 
datapath__148: 
lenet_K2_W_V_7_0: 
reg__326: 
floating_point_v7_1_8_viv: 
reg__535: 
reg__263: 
dsp48e1__13: 
reg__57: 
dsp48e1__34: 
lenet_K1_W_V_1_1_rom: 
reg__407: 
case__92: 
case__28: 
logic__45: 
reg__41: 
case__436: 
keep__11: 
logic__137: 
reg__533: 
reg__259: 
case__394: 
rom__123: 
datapath__318: 
logic__1633: 
case__162: 
logic__765: 
datapath__88: 
lenet_K2_W_V_14_4: 
case__104: 
rom__20: 
datapath__203: 
logic__484: 
dsp48e1__50: 
case__81: 
reg__191: 
reg__494: 
xbip_pipe_v3_0_6_viv__parameterized60: 
case__437: 
reg__433: 
datapath__104: 
muxpart__7: 
case__256: 
case__117: 
reg__144: 
reg__595: 
rom__14: 
datapath__54: 
reg__236: 
reg__297: 
logic__269: 
logic__966: 
reg__663: 
rom__120: 
lenet_ap_fpext_0_no_dsp_32: 
lenet_K2_W_V_4_3_rom: 
dsp48e1__19: 
lenet_K2_W_V_0_4_rom: 
case__293: 
datapath__46: 
rom__92: 
datapath__10: 
reg__423: 
datapath__115: 
datapath__8: 
lenet_K2_W_V_14_4_rom: 
logic__1264: 
xbip_pipe_v3_0_6_viv__parameterized45: 
case__262: 
lenet_K2_W_V_0_3_rom: 
reg__651: 
datapath__252: 
xbip_pipe_v3_0_6_viv__parameterized13: 
reg__512: 
datapath__240: 
reg__454: 
reg__165: 
rom__36: 
reg__115: 
reg__83: 
delay__parameterized54: 
lenet_K3_W_V_3: 
logic__415: 
lenet_K3_W_V_15_rom: 
zero_det_sel: 
reg__46: 
case__358: 
reg__674: 
lenet_K1_W_V_2_4: 
lenet_C1_out_V_ram: 
case__160: 
lenet_K2_W_V_7_0_rom: 
logic__1164: 
datapath__62: 
lenet_K2_W_V_9_3_rom: 
logic__670: 
logic__565: 
case__354: 
lenet_K2_W_V_13_3_rom: 
dsp48e1__9: 
dsp48e1__18: 
datapath__215: 
reg__231: 
reg__504: 
reg__253: 
reg__205: 
reg__321: 
dsp48e1__65: 
logic__657: 
logic__1599: 
case__287: 
reg__160: 
datapath__152: 
reg__173: 
logic__1092: 
lenet_K2_W_V_12_4_rom: 
reg__79: 
dsp48e1__17: 
reg__37: 
datapath__121: 
datapath__48: 
datapath__14: 
extrom__15: 
lenet_K2_W_V_4_4_rom: 
reg__503: 
reg__296: 
rom__24: 
logic__345: 
dsp48e1__57: 
case__119: 
reg__196: 
logic__971: 
rom__15: 
datapath__93: 
datapath__186: 
logic__698: 
datapath__319: 
extram__5: 
delay__parameterized56: 
case__106: 
reg__483: 
datapath__246: 
lenet_K2_W_V_13_2_rom: 
muxpart__47: 
case__73: 
rom__98: 
reg__525: 
datapath__171: 
logic__1577: 
datapath__223: 
lenet_K2_W_V_6_5_rom: 
datapath__125: 
datapath__44: 
lenet_K3_W_V_0_rom: 
case__171: 
logic__1667: 
datapath__82: 
lenet_K1_B_V_rom: 
lenet_K2_W_V_1_4_rom: 
datapath__200: 
xbip_pipe_v3_0_6_viv__parameterized33: 
case__326: 
logic__473: 
logic__48: 
reg__509: 
logic__292: 
case__211: 
logic__1686: 
case__405: 
delay__parameterized76: 
logic__264: 
logic__140: 
reg__345: 
case__251: 
logic__260: 
flt_div_exp: 
reg__412: 
dsp48e1__51: 
reg__49: 
case__11: 
lenet_K1_W_V_2_1: 
datapath__276: 
case__323: 
reg__656: 
logic__1163: 
extrom__10: 
lenet_K2_W_V_11_1: 
datapath__257: 
lenet_K1_W_V_0_0_rom: 
logic__1302: 
rom__48: 
lenet_K2_W_V_14_1_rom: 
dsp48e1__23: 
case__62: 
logic__1188: 
logic__1704: 
reg__596: 
reg__95: 
delay__parameterized65: 
muxpart__10: 
lenet_K1_W_V_0_2_rom: 
reg__696: 
datapath__80: 
rom__100: 
lenet_K1_W_V_5_4_rom: 
case__137: 
reg__155: 
delay__parameterized13: 
case__57: 
keep__2: 
delay__parameterized52: 
lenet_K3_W_V_4: 
logic__1275: 
reg__172: 
extrom__8: 
delay__parameterized14: 
case__155: 
xbip_pipe_v3_0_6_viv__parameterized80: 
lenet_K2_W_V_9_2_rom: 
case__345: 
carry_chain__parameterized0: 
reg__264: 
logic__1516: 
reg__8: 
reg__180: 
datapath__39: 
reg__472: 
logic__1260: 
case__233: 
logic__633: 
reg__493: 
logic__183: 
datapath__266: 
compare: 
lenet_K3_W_V_4_rom: 
case__54: 
case__224: 
rom__23: 
logic__1190: 
delay__parameterized46: 
datapath__243: 
logic__286: 
reg__603: 
logic__198: 
lenet_K1_W_V_2_3: 
reg__541: 
datapath__34: 
logic__845: 
xbip_pipe_v3_0_6_viv__parameterized1: 
rom__65: 
logic__1041: 
lenet_K2_W_V_7_2: 
keep__3: 
reg__570: 
reg__578: 
logic__342: 
datapath__310: 
logic__1171: 
reg__60: 
keep__21: 
reg__175: 
reg__372: 
logic__839: 
lenet_fadd_32ns_3bkb: 
rom__4: 
rom__39: 
reg__520: 
case__65: 
datapath__249: 
reg__399: 
delay__parameterized17: 
keep__23: 
case__72: 
xbip_pipe_v3_0_6_viv__parameterized114: 
lenet_K2_W_V_4_5: 
logic__1701: 
reg__679: 
logic__445: 
logic__705: 
logic__1213: 
datapath__127: 
delay__parameterized19: 
reg__171: 
logic__842: 
lenet_K2_W_V_5_4_rom: 
logic__1341: 
dsp48e1__81: 
logic__582: 
lenet_K1_W_V_5_4: 
xbip_pipe_v3_0_6_viv__parameterized72: 
reg__271: 
datapath__74: 
case__423: 
reg__425: 
dsp48e1__26: 
dsp48e1__40: 
xbip_pipe_v3_0_6_viv__parameterized91: 
case__343: 
logic__1316: 
case__300: 
reg__122: 
reg__56: 
lenet_K2_W_V_8_3_rom: 
reg__99: 
reg__257: 
reg__474: 
datapath__311: 
rom__103: 
lenet_K2_W_V_0_2_rom: 
case__153: 
delay__parameterized23: 
keep__15: 
case__261: 
datapath__265: 
datapath__128: 
delay__parameterized78: 
delay__parameterized2: 
flt_exp_e2A: 
delay__parameterized58: 
case__29: 
logic__617: 
logic__908: 
logic__1000: 
logic__251: 
datapath__222: 
case__190: 
logic__725: 
reg__415: 
lenet_K1_W_V_1_3_rom: 
reg__261: 
case__193: 
case__244: 
case__206: 
datapath__101: 
case__242: 
case__239: 
datapath__22: 
case__118: 
case__360: 
reg__127: 
datapath__47: 
dsp48e1__44: 
logic__358: 
lenet_C3_out_V_0_0_ram: 
logic__265: 
datapath__166: 
case__359: 
flt_add_exp_sp: 
reg__151: 
reg__6: 
logic__131: 
datapath__298: 
case__227: 
muxpart__41: 
dsp48e1__1: 
reg__643: 
reg__285: 
case__32: 
dsp48e1__25: 
logic__1198: 
datapath__260: 
reg__510: 
lenet_K2_W_V_2_1_rom: 
logic__1480: 
reg__575: 
delay__parameterized20: 
extrom__14: 
compare_gt__parameterized0: 
case__177: 
logic__1602: 
reg__397: 
logic__387: 
logic__780: 
delay__parameterized57: 
datapath__190: 
datapath__267: 
reg__242: 
case__408: 
dsp48e1__27: 
reg__557: 
lenet_K2_W_V_14_5: 
lenet_K2_W_V_1_3: 
logic__1203: 
reg__386: 
reg__623: 
flt_log_addsub__parameterized4: 
case__274: 
reg__383: 
logic__1075: 
datapath__64: 
lenet_K2_W_V_2_3_rom: 
counter__3: 
reg__7: 
dsp48e1__32: 
datapath__140: 
reg__402: 
case__215: 
case__95: 
dsp48e1_wrapper__parameterized4: 
dsp48e1__43: 
case__452: 
case__48: 
logic__253: 
reg__662: 
datapath__150: 
datapath__305: 
reg__70: 
reg__692: 
keep__8: 
extrom__4: 
lenet_K2_W_V_11_3: 
xbip_pipe_v3_0_6_viv__parameterized47: 
rom__132: 
lenet_K2_W_V_6_2_rom: 
lenet_K1_W_V_1_4: 
muxpart__50: 
reg__599: 
logic__564: 
rom__104: 
reg__357: 
lenet_ap_fdiv_10_no_dsp_32: 
reg__40: 
reg: 
case__351: 
lenet_K1_W_V_3_2_rom: 
logic__476: 
logic__512: 
delay__parameterized16: 
lenet_K2_W_V_3_1: 
reg__85: 
muxpart__52: 
reg__488: 
reg__217: 
lenet_K2_W_V_10_0_rom: 
reg__491: 
dsp48e1__66: 
logic__789: 
reg__375: 
reg__154: 
logic__647: 
keep__1: 
reg__655: 
case__133: 
datapath__180: 
reg__260: 
case__321: 
rom__109: 
case__413: 
lenet_FC2_out_V_ram: 
case__399: 
reg__68: 
case__108: 
reg__5: 
dsp48e1__11: 
case__385: 
delay__parameterized74: 
lenet_K2_W_V_5_1_rom: 
carry_chain__parameterized3: 
lenet_K2_W_V_7_4_rom: 
logic__812: 
case__276: 
logic__1272: 
reg__500: 
compare_eq_im__parameterized3: 
muxpart__26: 
datapath__123: 
compare_eq_im: 
rom__76: 
datapath__256: 
reg__600: 
dsp48e1__73: 
case__238: 
lenet_K2_W_V_9_4_rom: 
datapath__40: 
logic__694: 
case__417: 
lenet_K2_W_V_12_5_rom: 
reg__237: 
case__113: 
lenet_K2_W_V_15_2: 
logic__1526: 
case__352: 
case__84: 
reg__608: 
lenet_K1_W_V_5_1: 
rom__63: 
reg__183: 
rom__49: 
case__404: 
xbip_pipe_v3_0_6_viv__parameterized9: 
reg__45: 
xbip_pipe_v3_0_6_viv__parameterized55: 
datapath__287: 
datapath__189: 
reg__69: 
datapath__129: 
case__71: 
logic__673: 
lenet_K1_W_V_2_1_rom: 
case__380: 
logic__1476: 
reg__270: 
dsp48e1__6: 
logic__820: 
logic__934: 
rom__40: 
reg__230: 
case__225: 
delay__parameterized31: 
xbip_pipe_v3_0_6_viv__parameterized76: 
logic__801: 
logic__1133: 
logic__837: 
reg__150: 
reg__610: 
reg__299: 
datapath__273: 
reg__84: 
lenet_K1_W_V_0_1_rom: 
datapath__23: 
datapath__155: 
reg__31: 
datapath__245: 
lenet_K2_W_V_6_0_rom: 
case__98: 
flt_div_mant_addsub__parameterized0: 
case__254: 
reg__626: 
datapath__176: 
rom__97: 
xbip_pipe_v3_0_6_viv__parameterized57: 
datapath__308: 
reg__428: 
dsp48e1__22: 
rom__12: 
logic__579: 
reg__65: 
lenet_K1_W_V_3_3: 
logic__761: 
reg__367: 
lenet_K3_W_V_15: 
xbip_pipe_v3_0_6_viv__parameterized88: 
case__392: 
reg__452: 
reg__465: 
datapath__131: 
lenet_K2_W_V_1_1_rom: 
lenet_K1_W_V_4_0: 
carry_chain__parameterized8: 
rom__127: 
dsp48e1__4: 
logic__561: 
datapath__231: 
case__317: 
reg__198: 
rom__101: 
reg__683: 
reg__89: 
reg__430: 
case__412: 
logic__728: 
case__229: 
datapath__192: 
muxpart__30: 
xbip_pipe_v3_0_6_viv__parameterized126: 
logic__692: 
delay__parameterized77: 
reg__44: 
lenet_K3_W_V_9: 
dsp48e1__71: 
lenet_K2_W_V_7_1_rom: 
xbip_pipe_v3_0_6_viv__parameterized31: 
lenet_K2_W_V_1_0: 
logic__370: 
reg__105: 
rom: 
case__342: 
xbip_pipe_v3_0_6_viv__parameterized58: 
datapath__286: 
datapath__7: 
reg__109: 
logic__275: 
lenet_K2_W_V_15_3_rom: 
case__367: 
datapath__199: 
lenet_K1_W_V_1_4_rom: 
rom__11: 
lenet_K2_W_V_8_4: 
reg__458: 
reg__453: 
reg__591: 
case__292: 
case__270: 
logic__35: 
case__290: 
reg__72: 
reg__495: 
lenet_FC1_out_V_ram: 
reg__508: 
logic__1581: 
logic__276: 
logic__1186: 
case__208: 
reg__161: 
reg__385: 
reg__193: 
rom__13: 
dsp48e1__7: 
delay__parameterized3: 
case__334: 
reg__554: 
logic__1024: 
datapath__153: 
reg__320: 
datapath__50: 
compare_eq_im__parameterized2: 
rom__58: 
dsp48e1__15: 
reg__317: 
dsp48e1__72: 
logic__42: 
delay__parameterized0: 
lenet_ap_fadd_2_full_dsp_32: 
reg__436: 
reg__199: 
reg__247: 
logic__1182: 
lenet_FC1_out_V: 
datapath__5: 
logic__525: 
datapath__209: 
case__428: 
reg__435: 
reg__664: 
reg__195: 
reg__484: 
