delay__parameterized30: xbip_pipe_v3_0_6_viv__parameterized49, 
delay_s: delay__parameterized62, 
delay__parameterized0: xbip_pipe_v3_0_6_viv__parameterized3, 
delay__parameterized31: xbip_pipe_v3_0_6_viv__parameterized51, 
delay__parameterized33: xbip_pipe_v3_0_6_viv__parameterized55, 
delay__parameterized3: xbip_pipe_v3_0_6_viv__parameterized3, 
delay__parameterized79: xbip_pipe_v3_0_6_viv__parameterized31, 
delay__parameterized43: xbip_pipe_v3_0_6_viv__parameterized3, 
delay__parameterized16: xbip_pipe_v3_0_6_viv__parameterized31, 
delay__parameterized36: xbip_pipe_v3_0_6_viv__parameterized62, 
delay__parameterized66: xbip_pipe_v3_0_6_viv__parameterized104, 
delay__parameterized32: xbip_pipe_v3_0_6_viv__parameterized53, 
delay__parameterized70: xbip_pipe_v3_0_6_viv__parameterized112, 
delay__parameterized34: xbip_pipe_v3_0_6_viv__parameterized57, 
delay__parameterized10: xbip_pipe_v3_0_6_viv__parameterized19, 
delay__parameterized69: xbip_pipe_v3_0_6_viv__parameterized110, 
delay__parameterized56: xbip_pipe_v3_0_6_viv__parameterized88, 
delay__parameterized24: xbip_pipe_v3_0_6_viv__parameterized39, 
delay__parameterized23: xbip_pipe_v3_0_6_viv__parameterized39, 
delay__parameterized4: xbip_pipe_v3_0_6_viv__parameterized9, 
delay__parameterized64: xbip_pipe_v3_0_6_viv__parameterized100, 
delay__parameterized80: xbip_pipe_v3_0_6_viv__parameterized25, 
delay__parameterized58: xbip_pipe_v3_0_6_viv__parameterized91, 
delay__parameterized41: xbip_pipe_v3_0_6_viv__parameterized70, 
delay__parameterized5: xbip_pipe_v3_0_6_viv__parameterized7, 
delay__parameterized18: xbip_pipe_v3_0_6_viv__parameterized3, 
delay__parameterized9: xbip_pipe_v3_0_6_viv__parameterized17, 
delay__parameterized37: xbip_pipe_v3_0_6_viv__parameterized64, 
delay__parameterized78: xbip_pipe_v3_0_6_viv__parameterized126, 
delay__parameterized55: xbip_pipe_v3_0_6_viv__parameterized86, 
delay__parameterized1: xbip_pipe_v3_0_6_viv__parameterized5, 
delay__parameterized42: xbip_pipe_v3_0_6_viv__parameterized51, 
delay__parameterized2: xbip_pipe_v3_0_6_viv__parameterized7, 
delay__parameterized8: xbip_pipe_v3_0_6_viv__parameterized15, 
delay__parameterized35: xbip_pipe_v3_0_6_viv__parameterized60, 
delay__parameterized7: xbip_pipe_v3_0_6_viv__parameterized13, 
delay__parameterized62: xbip_pipe_v3_0_6_viv__parameterized47, 
delay__parameterized6: xbip_pipe_v3_0_6_viv__parameterized11, 
delay__parameterized63: xbip_pipe_v3_0_6_viv__parameterized39, 
delay__parameterized75: xbip_pipe_v3_0_6_viv__parameterized120, 
delay__parameterized57: xbip_pipe_v3_0_6_viv__parameterized45, 
delay__parameterized13: xbip_pipe_v3_0_6_viv__parameterized25, 
delay__parameterized65: xbip_pipe_v3_0_6_viv__parameterized102, 
delay__parameterized19: xbip_pipe_v3_0_6_viv__parameterized11, 
delay__parameterized21: xbip_pipe_v3_0_6_viv__parameterized9, 
delay__parameterized72: xbip_pipe_v3_0_6_viv__parameterized100, 
delay__parameterized17: xbip_pipe_v3_0_6_viv__parameterized33, 
delay__parameterized28: xbip_pipe_v3_0_6_viv__parameterized45, 
delay__parameterized74: xbip_pipe_v3_0_6_viv__parameterized118, 
delay__parameterized53: xbip_pipe_v3_0_6_viv__parameterized84, 
delay_s__parameterized0: delay__parameterized63, 
delay__parameterized54: xbip_pipe_v3_0_6_viv__parameterized86, 
delay__parameterized38: xbip_pipe_v3_0_6_viv__parameterized15, 
delay__parameterized29: xbip_pipe_v3_0_6_viv__parameterized47, 
